OUTER 0 mass 16.97957308666677 min 0.9025018515766198 pool 0 seconds 11.36003565788269
 LP 0 working 500 pool_violations 2444 mass 8.000008000000001 seconds 0.0361478328704834
 LP 1 working 1000 pool_violations 1198 mass 9.000008999999999 seconds 0.09941744804382324
 LP 2 working 1500 pool_violations 601 mass 12.055567611111108 seconds 0.11821722984313965
 LP 3 working 2000 pool_violations 216 mass 12.666679333333331 seconds 0.1958456039428711
 LP 4 working 2216 pool_violations 653 mass 12.91446719174041 seconds 0.25864458084106445
 LP 5 working 2716 pool_violations 0 mass 12.935685450292409 seconds 0.2985198497772217
OUTER 1 mass 12.935685450292409 min -3.608224830031759e-16 pool 5475 seconds 52.13793206214905
 LP 0 working 1233 pool_violations 10940 mass 15.877208859649123 seconds 0.08014178276062012
 LP 1 working 1733 pool_violations 6967 mass 16.0306282755102 seconds 0.1049044132232666
 LP 2 working 2233 pool_violations 2175 mass 16.088511663716794 seconds 0.15208077430725098
 LP 3 working 2733 pool_violations 1544 mass 16.215130265334476 seconds 0.2184910774230957
 LP 4 working 3233 pool_violations 250 mass 16.220604455882345 seconds 0.3445627689361572
 LP 5 working 3483 pool_violations 60 mass 16.220604455882338 seconds 0.39406633377075195
 LP 6 working 3543 pool_violations 150 mass 16.22152619301992 seconds 0.3561375141143799
 LP 7 working 3693 pool_violations 0 mass 16.221755352173908 seconds 0.436053991317749
OUTER 2 mass 16.221755352173908 min 0.6630441413043474 pool 28523 seconds 44.263322830200195
 LP 0 working 1245 pool_violations 15257 mass 16.29490333412601 seconds 0.15499210357666016
 LP 1 working 1745 pool_violations 15007 mass 16.29565184835934 seconds 0.18705987930297852
 LP 2 working 2245 pool_violations 5437 mass 16.715900384787467 seconds 0.2197740077972412
 LP 3 working 2745 pool_violations 1481 mass 16.800016799999998 seconds 0.2867741584777832
 LP 4 working 3245 pool_violations 573 mass 16.857159714285707 seconds 0.3421943187713623
 LP 5 working 3745 pool_violations 650 mass 16.888905777777772 seconds 0.42947888374328613
 LP 6 working 4245 pool_violations 46 mass 16.888905777777836 seconds 0.6420302391052246
 LP 7 working 4291 pool_violations 93 mass 16.895722417177893 seconds 0.526836633682251
 LP 8 working 4384 pool_violations 57 mass 16.896549642817806 seconds 0.7106277942657471
 LP 9 working 4441 pool_violations 15 mass 16.898086049393797 seconds 0.5339009761810303
 LP 10 working 4456 pool_violations 11 mass 16.89834770257967 seconds 0.4993116855621338
 LP 11 working 4467 pool_violations 0 mass 16.89835576877075 seconds 0.620222806930542
