OUTER 0 mass 16.97957308666677 min 0.9613509520864437 pool 0 seconds 9.704424142837524
 LP 0 working 500 pool_violations 168 mass 12.000011999999998 seconds 0.06263995170593262
 LP 1 working 668 pool_violations 325 mass 12.000011999999998 seconds 0.07045459747314453
 LP 2 working 993 pool_violations 44 mass 12.44445688888889 seconds 0.09868240356445312
 LP 3 working 1037 pool_violations 179 mass 12.587109361290322 seconds 0.1009836196899414
 LP 4 working 1216 pool_violations 8 mass 12.65159636199095 seconds 0.1217803955078125
 LP 5 working 1224 pool_violations 9 mass 12.657868751835535 seconds 0.1281425952911377
 LP 6 working 1233 pool_violations 0 mass 12.65806606029285 seconds 0.11513066291809082
OUTER 1 mass 12.65806606029285 min -4.440892098500626e-16 pool 1889 seconds 52.01284313201904
 LP 0 working 1200 pool_violations 7666 mass 15.375015375 seconds 0.07341933250427246
 LP 1 working 1700 pool_violations 4964 mass 15.659106568181816 seconds 0.12027192115783691
 LP 2 working 2200 pool_violations 2915 mass 15.676316254335259 seconds 0.17580723762512207
 LP 3 working 2700 pool_violations 1647 mass 15.743655665362027 seconds 0.198228120803833
 LP 4 working 3200 pool_violations 116 mass 15.762348584082437 seconds 0.2735426425933838
 LP 5 working 3316 pool_violations 45 mass 15.799738542934026 seconds 0.29363250732421875
 LP 6 working 3361 pool_violations 0 mass 15.800103480929415 seconds 0.3146486282348633
OUTER 2 mass 15.800103480929415 min 0.5585275203858221 pool 24937 seconds 48.076234340667725
 LP 0 working 1235 pool_violations 3597 mass 16.666683333333324 seconds 0.08041191101074219
 LP 1 working 1735 pool_violations 4771 mass 16.666683333333335 seconds 0.11746740341186523
 LP 2 working 2235 pool_violations 3181 mass 16.68086774468085 seconds 0.1643381118774414
 LP 3 working 2735 pool_violations 1289 mass 16.69079611003567 seconds 0.2498311996459961
 LP 4 working 3235 pool_violations 1332 mass 16.75001675 seconds 0.29041266441345215
 LP 5 working 3735 pool_violations 278 mass 16.826103782608712 seconds 0.46526098251342773
 LP 6 working 4013 pool_violations 6 mass 16.828588257142847 seconds 0.517786979675293
 LP 7 working 4019 pool_violations 0 mass 16.82858825714286 seconds 0.5501337051391602
