SWEEP 0 L 4.61 steps 720 vars 356 atoms 2724 mass 16.98263755032027 minimum 0.8925269304680318 newposes 11536 sec 1.2117161750793457
LP pool 1990 active 1000 inner 1 mass 14.153874461538463 dual 14
SWEEP 1 L 4.61 steps 720 vars 356 atoms 2724 mass 14.153874461538463 minimum -2.498001805406602e-16 newposes 11536 sec 1.127032995223999
LP pool 5976 active 1000 inner 3 mass 16.866923365886286 dual 56
SWEEP 2 L 4.61 steps 720 vars 356 atoms 2724 mass 16.866923365886286 minimum 0.6969170385730237 newposes 11536 sec 1.1781001091003418
LP pool 8258 active 1016 inner 8 mass 16.990570258675078 dual 69
SWEEP 3 L 4.61 steps 720 vars 356 atoms 2724 mass 16.990570258675078 minimum 0.8134924482144139 newposes 11536 sec 1.1702606678009033
LP pool 11857 active 1027 inner 7 mass 16.99280975181297 dual 93
SWEEP 4 L 4.61 steps 720 vars 356 atoms 2724 mass 16.99280975181297 minimum 0.8614915963058962 newposes 10766 sec 1.2042267322540283
LP pool 14823 active 1079 inner 4 mass 17.000033999999985 dual 88
PRICING maximum [1.5361446398162248, 1.08000675127407, 1.0851337012058044] added 16 sec 0.04042553901672363
SWEEP 5 L 4.61 steps 720 vars 372 atoms 2852 mass 17.000033999999985 minimum 0.750001499999926 newposes 5947 sec 1.341383457183838
LP pool 16245 active 1009 inner 8 mass 16.965258110354437 dual 139
SWEEP 6 L 4.61 steps 720 vars 372 atoms 2852 mass 16.965258110354437 minimum 0.884777904910107 newposes 11536 sec 1.4396100044250488
LP pool 18038 active 1000 inner 3 mass 16.998482499191933 dual 147
PRICING maximum [1.4059645180974676, 0.9948741227909825, 1.0254992196726143] added 16 sec 0.05498623847961426
SWEEP 7 L 4.61 steps 720 vars 388 atoms 2980 mass 16.998482499191937 minimum 0.9251146529279533 newposes 11370 sec 1.5027503967285156
LP pool 20361 active 1000 inner 7 mass 17.028693188254795 dual 146
PRICING maximum [1.6467794834613623, 0.9998069069640336, 0.9998278736265075] added 16 sec 0.049904584884643555
SWEEP 8 L 4.61 steps 720 vars 404 atoms 3108 mass 17.028693188254795 minimum 0.9639549337170487 newposes 6965 sec 1.4882502555847168
LP pool 22366 active 1000 inner 12 mass 17.01043979938806 dual 145
PRICING maximum [1.2771963306905916, 0.9963577716052061, 2.0140939811976293] added 16 sec 0.0598607063293457
SWEEP 9 L 4.61 steps 720 vars 420 atoms 3236 mass 17.01043979938806 minimum 0.9680738475137985 newposes 4587 sec 1.665388584136963
LP pool 23632 active 1000 inner 6 mass 16.963276721838206 dual 176
SWEEP 10 L 4.61 steps 720 vars 420 atoms 3236 mass 16.963276721838206 minimum 0.9275982185891317 newposes 10121 sec 1.5190517902374268
LP pool 25827 active 1048 inner 9 mass 17.019504008915526 dual 153
PRICING maximum [1.2974530955436323, 1.0000760506952244, 1.0000850128571428] added 16 sec 0.0451502799987793
SWEEP 11 L 4.61 steps 720 vars 436 atoms 3364 mass 17.019504008915526 minimum 0.9688047664803978 newposes 5232 sec 1.385868787765503
LP pool 27170 active 1000 inner 9 mass 17.023051934625514 dual 163
PRICING maximum [1.65988922217321, 0.9999466349469848, 0.9999599971428572] added 16 sec 0.08526492118835449
SWEEP 12 L 4.61 steps 720 vars 452 atoms 3492 mass 17.023051934625514 minimum 0.9838655578421771 newposes 5581 sec 2.2863094806671143
LP pool 28058 active 1073 inner 8 mass 17.006703929237595 dual 180
PRICING maximum [1.279519100854727, 1.000096907823736, 1.9997081668222842] added 16 sec 0.05749201774597168
SWEEP 13 L 4.61 steps 720 vars 468 atoms 3620 mass 17.006703929237595 minimum 0.98735503550645 newposes 4026 sec 2.596808910369873
LP pool 29344 active 1000 inner 11 mass 16.99167072112077 dual 203
SWEEP 14 L 4.61 steps 720 vars 468 atoms 3620 mass 16.99167072112077 minimum 0.9722524962928526 newposes 6263 sec 1.533315896987915
LP pool 30448 active 1067 inner 9 mass 17.00806884118741 dual 189
PRICING maximum [1.1975470871891865, 0.9943761344161255, 2.013065174739424] added 16 sec 0.05943655967712402
SWEEP 15 L 4.61 steps 720 vars 484 atoms 3748 mass 17.00806884118741 minimum 0.9949523613892933 newposes 807 sec 1.7016079425811768
LP pool 30721 active 1074 inner 4 mass 16.999228922578556 dual 188
PRICING maximum [1.2229257685177481, 0.9998509482303752, 0.9998519557142856] added 16 sec 0.050122976303100586
SWEEP 16 L 4.61 steps 720 vars 500 atoms 3876 mass 16.999228922578556 minimum 0.9806860064347377 newposes 1620 sec 1.6566333770751953
LP pool 31342 active 1054 inner 6 mass 16.985243094548935 dual 207
SWEEP 17 L 4.61 steps 720 vars 500 atoms 3876 mass 16.985243094548935 minimum 0.9700447570880715 newposes 2597 sec 2.1667215824127197
LP pool 32304 active 1090 inner 9 mass 17.001024356137044 dual 191
PRICING maximum [1.2243832036402418, 0.9997879877404592, 0.99985095] added 16 sec 0.05414748191833496
SWEEP 18 L 4.61 steps 720 vars 516 atoms 4004 mass 17.001024356137044 minimum 0.9970012033280462 newposes 925 sec 1.7003490924835205
LP pool 32629 active 1120 inner 12 mass 16.971500852533808 dual 205
SWEEP 19 L 4.61 steps 720 vars 516 atoms 4004 mass 16.971500852533808 minimum 0.961891403105545 newposes 3846 sec 1.96384859085083
LP pool 34070 active 1054 inner 10 mass 16.982561767908187 dual 214
SWEEP 20 L 4.61 steps 720 vars 516 atoms 4004 mass 16.982561767908187 minimum 0.9846454038091015 newposes 2154 sec 2.0524864196777344
LP pool 34773 active 1140 inner 14 mass 16.982973978234828 dual 231
SWEEP 21 L 4.61 steps 720 vars 516 atoms 4004 mass 16.982973978234828 minimum 0.9946429923910971 newposes 452 sec 2.358672618865967
LP pool 35007 active 1131 inner 10 mass 16.98303743451875 dual 221
SWEEP 22 L 4.61 steps 720 vars 516 atoms 4004 mass 16.98303743451875 minimum 0.9963371771683746 newposes 231 sec 3.291877269744873
LP pool 35110 active 1115 inner 5 mass 16.983037497347574 dual 222
SWEEP 23 L 4.61 steps 720 vars 516 atoms 4004 mass 16.983037497347574 minimum 0.9994634140099383 newposes 30 sec 1.931321382522583
PROMOTE_TO_FULL_NET 2880
SWEEP 24 L 4.61 steps 2880 vars 516 atoms 4004 mass 16.992189234106068 minimum 0.9973541802170188 newposes 46 sec 7.631787538528442
LP pool 35131 active 1147 inner 15 mass 16.983804422676073 dual 210
SWEEP 25 L 4.61 steps 2880 vars 516 atoms 4004 mass 16.983804422676073 minimum 0.9955395601215482 newposes 1164 sec 13.608129501342773
LP pool 35235 active 1092 inner 7 mass 16.98389143417456 dual 209
SWEEP 26 L 4.61 steps 2880 vars 516 atoms 4004 mass 16.98389143417456 minimum 0.9978831483548457 newposes 1912 sec 9.678531169891357
LP pool 35319 active 1113 inner 7 mass 16.983891478481333 dual 205
SWEEP 27 L 4.61 steps 2880 vars 516 atoms 4004 mass 16.983891478481333 minimum 0.9961937088638768 newposes 534 sec 11.954558849334717
LP pool 35393 active 1128 inner 7 mass 16.983891478481333 dual 209
SWEEP 28 L 4.61 steps 2880 vars 516 atoms 4004 mass 16.983891478481333 minimum 0.9848339322254344 newposes 627 sec 11.130600929260254
LP pool 35466 active 1100 inner 10 mass 16.983891478481333 dual 216
SWEEP 29 L 4.61 steps 2880 vars 516 atoms 4004 mass 16.983891478481333 minimum 0.998788459247654 newposes 286 sec 7.8862409591674805
LP pool 35509 active 1082 inner 10 mass 16.983891478481333 dual 222
SWEEP 30 L 4.61 steps 2880 vars 516 atoms 4004 mass 16.983891478481333 minimum 0.9993125306160414 newposes 4 sec 9.926278352737427
NUMERICAL_CANDIDATE_READY 16.99560940739359
